I'm sorry, but errors were detected in your script. Please correct the
errors listed below, and try again.


File "game/script.rpy", line 184: expected statement.
    continue
            ^

Ren'Py Version: Ren'Py 7.4.11.2266
Sun May 22 18:00:11 2022
